------------------------------------------------------------
TimeQuest Timing Analyzer Summary
------------------------------------------------------------

Type  : Slow Model Setup 'clk'
Slack : -13.645
TNS   : -1931.793

Type  : Slow Model Setup 'clk_rom'
Slack : -2.282
TNS   : -146.256

Type  : Slow Model Hold 'clk'
Slack : 0.525
TNS   : 0.000

Type  : Slow Model Hold 'clk_rom'
Slack : 0.957
TNS   : 0.000

Type  : Slow Model Minimum Pulse Width 'clk_rom'
Slack : -2.000
TNS   : -345.380

Type  : Slow Model Minimum Pulse Width 'clk'
Slack : -1.627
TNS   : -738.480

Type  : Fast Model Setup 'clk'
Slack : -5.685
TNS   : -802.858

Type  : Fast Model Setup 'clk_rom'
Slack : -1.460
TNS   : -57.334

Type  : Fast Model Hold 'clk'
Slack : 0.240
TNS   : 0.000

Type  : Fast Model Hold 'clk_rom'
Slack : 0.395
TNS   : 0.000

Type  : Fast Model Minimum Pulse Width 'clk_rom'
Slack : -2.000
TNS   : -345.380

Type  : Fast Model Minimum Pulse Width 'clk'
Slack : -1.627
TNS   : -738.480

------------------------------------------------------------
