------------------------------------------------------------
TimeQuest Timing Analyzer Summary
------------------------------------------------------------

Type  : Slow Model Setup 'clk'
Slack : -14.567
TNS   : -1738.918

Type  : Slow Model Setup 'clk_rom'
Slack : -1.914
TNS   : -92.927

Type  : Slow Model Hold 'clk'
Slack : 0.520
TNS   : 0.000

Type  : Slow Model Hold 'clk_rom'
Slack : 0.636
TNS   : 0.000

Type  : Slow Model Minimum Pulse Width 'clk_rom'
Slack : -2.000
TNS   : -329.380

Type  : Slow Model Minimum Pulse Width 'clk'
Slack : -1.627
TNS   : -731.480

Type  : Fast Model Setup 'clk'
Slack : -6.135
TNS   : -720.366

Type  : Fast Model Setup 'clk_rom'
Slack : -1.460
TNS   : -47.457

Type  : Fast Model Hold 'clk'
Slack : 0.239
TNS   : 0.000

Type  : Fast Model Hold 'clk_rom'
Slack : 0.250
TNS   : 0.000

Type  : Fast Model Minimum Pulse Width 'clk_rom'
Slack : -2.000
TNS   : -329.380

Type  : Fast Model Minimum Pulse Width 'clk'
Slack : -1.627
TNS   : -731.480

------------------------------------------------------------
