------------------------------------------------------------
TimeQuest Timing Analyzer Summary
------------------------------------------------------------

Type  : Slow Model Setup 'clk'
Slack : -13.943
TNS   : -1776.403

Type  : Slow Model Setup 'clk_rom'
Slack : -2.142
TNS   : -139.487

Type  : Slow Model Hold 'clk'
Slack : 0.529
TNS   : 0.000

Type  : Slow Model Hold 'clk_rom'
Slack : 0.906
TNS   : 0.000

Type  : Slow Model Minimum Pulse Width 'clk_rom'
Slack : -2.000
TNS   : -345.380

Type  : Slow Model Minimum Pulse Width 'clk'
Slack : -1.627
TNS   : -737.480

Type  : Fast Model Setup 'clk'
Slack : -5.801
TNS   : -727.502

Type  : Fast Model Setup 'clk_rom'
Slack : -1.460
TNS   : -53.778

Type  : Fast Model Hold 'clk'
Slack : 0.244
TNS   : 0.000

Type  : Fast Model Hold 'clk_rom'
Slack : 0.381
TNS   : 0.000

Type  : Fast Model Minimum Pulse Width 'clk_rom'
Slack : -2.000
TNS   : -345.380

Type  : Fast Model Minimum Pulse Width 'clk'
Slack : -1.627
TNS   : -737.480

------------------------------------------------------------
